../Core/Src/main.c:63:6:Load_Drow_Dialog	8	static
../Core/Src/main.c:76:6:gui_draw_hline	32	static
../Core/Src/main.c:85:6:gui_fill_circle	40	static
../Core/Src/main.c:111:5:my_abs	16	static
../Core/Src/main.c:121:6:screen_print	16	static
../Core/Src/main.c:167:6:screen_norm_print	16	static
../Core/Src/main.c:211:6:screen_ignore_print	16	static
../Core/Src/main.c:254:6:change_state	8	static
../Core/Src/main.c:264:6:lcd_draw_bline	64	static
../Core/Src/main.c:331:1:_ttywrch	16	static
../Core/Src/main.c:342:5:main	16	static
../Core/Src/main.c:410:6:SystemClock_Config	72	static
../Core/Src/main.c:450:13:MX_SPI1_Init	8	static
../Core/Src/main.c:488:13:MX_TIM2_Init	32	static
../Core/Src/main.c:533:13:MX_TIM3_Init	32	static
../Core/Src/main.c:578:13:MX_USART1_UART_Init	8	static
../Core/Src/main.c:611:13:MX_GPIO_Init	16	static
../Core/Src/main.c:621:6:rtp_test	1128	static
../Core/Src/main.c:918:6:Error_Handler	4	static,ignoring_inline_asm
