../Core/Src/main.c:73:5:main	104	static
../Core/Src/main.c:154:6:SystemClock_Config	72	static
../Core/Src/main.c:194:13:MX_USART1_UART_Init	8	static
../Core/Src/main.c:227:13:MX_GPIO_Init	32	static
../Core/Src/main.c:268:6:HAL_GPIO_EXTI_Callback	16	static
../Core/Src/main.c:287:6:Func_LED0	16	static
../Core/Src/main.c:306:6:Func_LED1	16	static
../Core/Src/main.c:325:6:StartTask03	40	static
../Core/Src/main.c:363:6:HAL_TIM_PeriodElapsedCallback	16	static
../Core/Src/main.c:380:6:Error_Handler	4	static,ignoring_inline_asm
