../Core/Src/main.c:56:6:Load_Drow_Dialog	16	static
../Core/Src/main.c:69:6:gui_draw_hline	32	static
../Core/Src/main.c:78:6:gui_fill_circle	40	static
../Core/Src/main.c:104:5:my_abs	16	static
../Core/Src/main.c:114:6:screen_print	16	static
../Core/Src/main.c:126:6:screen_norm_print	16	static
../Core/Src/main.c:137:6:change_state	8	static
../Core/Src/main.c:147:6:lcd_draw_bline	64	static
../Core/Src/main.c:186:6:rtp_test	16	static
../Core/Src/main.c:229:6:ctp_test	48	static
../Core/Src/main.c:295:5:main	16	static
../Core/Src/main.c:358:6:SystemClock_Config	72	static
../Core/Src/main.c:398:13:MX_SPI1_Init	8	static
../Core/Src/main.c:436:13:MX_USART1_UART_Init	8	static
../Core/Src/main.c:469:13:MX_GPIO_Init	16	static
../Core/Src/main.c:486:6:Error_Handler	4	static,ignoring_inline_asm
