../Core/Src/lcd.c:114:17:lcd_rd_data	48	static
../Core/Src/lcd.c:61:6:lcd_wr_xdata	0	static
../Core/Src/lcd.c:76:37:lcd_wr_regno	8	static
../Core/Src/lcd.c:92:6:lcd_write_reg	20	static
../Core/Src/lcd.c:149:37:lcd_write_ram_prepare	0	static
../Core/Src/lcd.c:202:6:lcd_display_on	0	static
../Core/Src/lcd.c:219:6:lcd_display_off	0	static
../Core/Src/lcd.c:236:6:lcd_set_cursor	36	static
../Core/Src/lcd.c:159:10:lcd_read_point	16	static
../Core/Src/lcd.c:297:6:lcd_scan_dir	40	static
../Core/Src/lcd.c:456:6:lcd_draw_point	24	static
../Core/Src/lcd.c:468:6:lcd_ssd_backlight_set	32	static
../Core/Src/lcd.c:484:6:lcd_display_dir	4	static
../Core/Src/lcd.c:574:6:lcd_set_window	56	static
../Core/Src/lcd.c:2402:6:lcd_clear	24	static
../Core/Src/lcd.c:636:6:lcd_init	88	static
../Core/Src/lcd.c:2435:6:lcd_fill	40	static
../Core/Src/lcd.c:2459:6:lcd_color_fill	40	static
../Core/Src/lcd.c:2485:6:lcd_draw_line	56	static
../Core/Src/lcd.c:2541:6:lcd_draw_hline	32	static
../Core/Src/lcd.c:2555:6:lcd_draw_rectangle	32	static
../Core/Src/lcd.c:2570:6:lcd_draw_circle	64	static
../Core/Src/lcd.c:2610:6:lcd_fill_circle	56	static
../Core/Src/lcd.c:2648:6:lcd_show_char	48	static
../Core/Src/lcd.c:2737:6:lcd_show_num	64	static
../Core/Src/lcd.c:2777:6:lcd_show_xnum	72	static
../Core/Src/lcd.c:2821:6:lcd_show_string	56	static
