../Core/Src/main.c:78:5:main	152	static
../Core/Src/main.c:176:6:SystemClock_Config	72	static
../Core/Src/main.c:216:13:MX_USART1_UART_Init	8	static
../Core/Src/main.c:249:13:MX_GPIO_Init	32	static
../Core/Src/main.c:290:6:PeriodicTask	16	static
../Core/Src/main.c:310:6:HandleTask	16	static
../Core/Src/main.c:330:6:FuncProducer	16	static
../Core/Src/main.c:352:6:FuncConsumer	16	static
../Core/Src/main.c:375:6:HAL_TIM_PeriodElapsedCallback	16	static
../Core/Src/main.c:392:6:Error_Handler	4	static,ignoring_inline_asm
