../Core/Src/lcd.c:37:6:LCD_WR_REG	16	static
../Core/Src/lcd.c:50:6:LCD_WR_DATAX	16	static
../Core/Src/lcd.c:62:6:opt_delay	16	static
../Core/Src/lcd.c:69:5:LCD_RD_DATA	16	static
../Core/Src/lcd.c:95:6:LCD_WriteReg	16	static
../Core/Src/lcd.c:104:5:LCD_ReadReg	16	static
../Core/Src/lcd.c:111:6:LCD_WriteRAM_Prepare	8	static
../Core/Src/lcd.c:117:6:LCD_WriteRAM	16	static
../Core/Src/lcd.c:126:5:LCD_BGR2RGB	24	static
../Core/Src/lcd.c:139:5:LCD_ReadPoint	24	static
../Core/Src/lcd.c:173:6:LCD_DisplayOn	8	static
../Core/Src/lcd.c:186:6:LCD_DisplayOff	8	static
../Core/Src/lcd.c:201:6:LCD_SetCursor	16	static
../Core/Src/lcd.c:257:6:LCD_Scan_Dir	24	static
../Core/Src/lcd.c:407:6:LCD_DrawPoint	16	static
../Core/Src/lcd.c:417:6:LCD_Fast_DrawPoint	16	static
../Core/Src/lcd.c:468:6:LCD_SSD_BackLightSet	24	static
../Core/Src/lcd.c:483:6:LCD_Display_Dir	16	static
../Core/Src/lcd.c:563:6:LCD_Set_Window	32	static
../Core/Src/lcd.c:621:6:LCD_Init	40	static
../Core/Src/lcd.c:2068:6:LCD_Clear	24	static
../Core/Src/lcd.c:2087:6:LCD_Fill	32	static
../Core/Src/lcd.c:2109:6:LCD_Color_Fill	32	static
../Core/Src/lcd.c:2131:6:LCD_DrawLine	64	static
../Core/Src/lcd.c:2182:6:LCD_DrawRectangle	24	static
../Core/Src/lcd.c:2193:6:LCD_Draw_Circle	32	static
../Core/Src/lcd.c:2228:6:LCD_ShowChar	32	static
../Core/Src/lcd.c:2267:5:LCD_Pow	24	static
../Core/Src/lcd.c:2280:6:LCD_ShowNum	48	static
../Core/Src/lcd.c:2314:6:LCD_ShowxNum	48	static
../Core/Src/lcd.c:2345:6:LCD_ShowString	40	static
../Core/Src/lcd.c:2367:6:LCD_ShowImage	32	static
../Core/Src/lcd.c:2487:6:LCD_ShowImage1_1	32	static
../Core/Src/lcd.c:2527:6:LCD_ShowImage1_2	32	static
../Core/Src/lcd.c:2566:6:LCD_ShowImage1_3	32	static
../Core/Src/lcd.c:2605:6:LCD_ShowImage2_1	32	static
../Core/Src/lcd.c:2640:6:LCD_ShowImage2_2	32	static
../Core/Src/lcd.c:2675:6:LCD_ShowImage2_3	32	static
../Core/Src/lcd.c:2710:6:LCD_ShowImage0	32	static
../Core/Src/lcd.c:2734:6:LCD_ShowImage3	32	static
../Core/Src/lcd.c:2777:6:LCD_ShowEndImage	40	static
../Core/Src/lcd.c:2807:6:LCD_ShowInputWrongImage	40	static
