../Core/Src/pkm_character.c:19:18:initialize_character	328	static
../Core/Src/pkm_character.c:47:5:get_id	80	static
../Core/Src/pkm_character.c:55:5:get_ATK	80	static
../Core/Src/pkm_character.c:62:5:get_DEF	80	static
../Core/Src/pkm_character.c:70:5:get_HP	80	static
../Core/Src/pkm_character.c:78:5:get_total_HP	80	static
../Core/Src/pkm_character.c:86:5:get_level	80	static
../Core/Src/pkm_character.c:93:5:is_active_defending	80	static
../Core/Src/pkm_character.c:104:5:is_during_unique_skill_for_id_1	80	static
../Core/Src/pkm_character.c:115:5:has_weapon	80	static
../Core/Src/pkm_character.c:126:5:has_shield	80	static
../Core/Src/pkm_character.c:137:5:has_easter	80	static
../Core/Src/pkm_character.c:150:6:get_name	80	static
../Core/Src/pkm_character.c:169:6:show_character_image	152	static
../Core/Src/pkm_character.c:220:6:print_basic_info	144	static
../Core/Src/pkm_character.c:248:6:set_ATK	80	static
../Core/Src/pkm_character.c:257:6:set_DEF	80	static
../Core/Src/pkm_character.c:266:6:set_HP	80	static
../Core/Src/pkm_character.c:278:6:set_total_HP	80	static
../Core/Src/pkm_character.c:290:5:normal_attack_skill	160	static
../Core/Src/pkm_character.c:318:5:normal_attack_skill_rivel	160	static
../Core/Src/pkm_character.c:345:5:grow_attack_skill	160	static
../Core/Src/pkm_character.c:386:5:grow_attack_skill_rivel	160	static
../Core/Src/pkm_character.c:427:5:unique_skill	176	static
../Core/Src/pkm_character.c:494:5:unique_skill_rivel	176	static
../Core/Src/pkm_character.c:563:6:defend_skill	144	static
../Core/Src/pkm_character.c:573:6:passive_defend_part	288	static
../Core/Src/pkm_character.c:611:6:active_defend_part	160	static
../Core/Src/pkm_character.c:649:6:defend_clpt_rivel	16	static
../Core/Src/pkm_character.c:659:6:respond_clpt	40	static
../Core/Src/pkm_character.c:716:5:is_alive	144	static
../Core/Src/pkm_character.c:754:6:prepare	16	static
../Core/Src/pkm_character.c:764:6:renew	16	static
../Core/Src/pkm_character.c:790:6:upgrade	144	static
../Core/Src/pkm_character.c:806:6:weapon	144	static
../Core/Src/pkm_character.c:814:6:shield	144	static
../Core/Src/pkm_character.c:822:6:aid_bag	144	static
../Core/Src/pkm_character.c:833:6:easter_egg	144	static
