../Core/Src/main.c:61:6:send	16	static
../Core/Src/main.c:76:6:singleplayer_mode	352	static
../Core/Src/main.c:310:6:multi_c_p_mode	424	static
../Core/Src/main.c:570:6:multiplayer_mode	352	static
../Core/Src/main.c:817:5:choose_player	24	static
../Core/Src/main.c:841:5:S_M	24	static
../Core/Src/main.c:866:5:PvE_PvP	24	static
../Core/Src/main.c:892:6:screen_print	16	static
../Core/Src/main.c:933:6:remote_tatakai	264	static
../Core/Src/main.c:1265:6:remote_tatakai_MULTI	536	static
../Core/Src/main.c:1653:6:remote_tatakai_PvE	272	static
../Core/Src/main.c:2266:6:back_to_Menu	16	static
../Core/Src/main.c:2293:5:main	24	static
../Core/Src/main.c:2461:6:SystemClock_Config	72	static
../Core/Src/main.c:2501:13:MX_SPI1_Init	8	static
../Core/Src/main.c:2539:13:MX_TIM2_Init	32	static
../Core/Src/main.c:2584:13:MX_USART1_UART_Init	8	static
../Core/Src/main.c:2617:13:MX_GPIO_Init	16	static
../Core/Src/main.c:2634:6:Error_Handler	4	static,ignoring_inline_asm
